======== 处理 Despacito ========
[Despacito] vocals 就绪 39411KB
=== Despacito (时长 229s, ASR 69 段) ===
-- ASR 段 --
[   7.15-   9.15] Ay, Fonzi.
[   9.15-  11.15] Igual.
[  11.15-  18.05] Oh no.
[  20.05-  21.05] Yo.
[  21.05-  22.05] Sí.
[  22.05-  25.05] Sabes que ya llevo un rato mirándote.
[  25.05-  29.05] Tengo que bailar contigo hoy.
[  29.05-  31.05] Igual.
[  31.05-  36.05] Vi que tu mirada ya estaba llamándome.
[  36.05-  41.05] Muéstrame el camino que yo voy.
[  41.05-  45.35] Oh, noo, tú eres el imán y yo soy el metal
[  45.35-  48.05] Me voy acercando y voy armando el plan
[  48.05-  51.05] Solo compensarlo, se acelera el pulso
[  52.05-  56.05] Oh yeah, ya, ya me está gustando más de lo normal
[  56.05-  59.05] Todo mi sentido me han pidiendo más
[  59.05-  62.05] Estoy quedó malo sin ningún apuro
[  62.05-  67.05] Despacito, quiero respirar tu juego despacito
[  67.05-  70.05] Deja que te diga cosas al oído
[  70.05-  73.05] Para que te acuerdes si no estás conmigo
[  73.05-  75.05] Despacito
[  75.05-  78.05] Quiero deshidarte a besos despacito
[  78.05-  81.05] Firma en las paredes de tu laberinto
[  81.05-  83.05] De hacer de tu cuerpo todo un manuscrito
[  83.05-  85.05] Super, super, super, super, super
[  85.05-  87.05] Quiero ver bailar tu pelo
[  87.05-  89.05] Quiero hacer tu ritmo
[  89.05-  92.05] Que le enseñes a mi boca
[  92.05-  94.05] Los lugares favoritos
[  94.05-  96.05] Favoritos, favoritos, baby
[  96.05- 100.05] Déjame sobrepasar tus honas de peligro
[ 100.05- 103.05] Hasta provocar tus criptos
[ 103.05- 106.05] Y que olvides que peguenidad es igual
[ 106.05- 108.05] Si te pido un beso, vendámelo
[ 108.05- 109.05] Yo sé que estás pensándolo
[ 109.05- 110.05] Llevo tiempo intentándolo
[ 110.05- 112.05] Mami, estoy banditándolo
[ 112.05- 114.05] Sabe que tu corazón conmigo te hace bam bam
[ 114.05- 117.05] Sabe que sabe lo hasta buscando de mi bam bam
[ 117.05- 120.05] Me preparas de mi boca para ver cómo te sabes
[ 120.05- 122.05] Quiero, quiero, quiero ver cuánto amor a ti te cabe
[ 122.05- 125.05] Yo no tengo prisa, yo me quiero dar el viaje
[ 125.05- 127.85] Empezamos lento después salvaje
[ 127.85- 130.65] Pasito a pasito, suave suavecito
[ 130.65- 133.25] Nos vamos pegando poquito a poquito
[ 133.25- 136.05] Cuando tú me besas con esa destreza
[ 136.05- 138.65] Yo quiero ir en malicia con delicadeza
[ 138.65- 141.45] Pasito a pasito, suave suavecito
[ 141.45- 144.05] Nos vamos pegando poquito a poquito
[ 144.05- 146.85] Y es que esta belleza es un rompecabezas
[ 146.85- 149.65] Pero pa' montarlo aquí tengo la pieza
[ 149.65- 154.65] Despacito Quiero respirar tu juego despacito
[ 154.65- 160.65] Deja que te diga cosas al oído Para que te acuerdes si no estás conmigo
[ 160.65- 165.65] Despacito Quiero deshundarte a besos despacito
[ 165.65- 170.65] Firma las paredes de tu laberinto Y hacer de tu cuerpo todo un manuscrito
[ 170.65- 172.65] ¡Super, super, super!
[ 172.65- 178.65] Quiero ver bailar tu pelo, quiero hacer tu ritmo Que le enseñes a mi boca
[ 178.65- 183.65] Los lugares favoritos, favoritos, favoritos, baby
[ 183.65- 186.65] Déjame sobrepasar tus olas de peligro
[ 186.65- 189.65] Hasta provocar tus gritos
[ 189.65- 192.65] Y que olvides tu apellido
[ 192.65- 197.65] Despacito, vamos a hacerlo en una playa en Puerto Rico
[ 197.65- 200.65] Hasta que la sola esgrite, no hay bendito
[ 200.65- 203.65] Para que mis sellos se quede contigo
[ 203.65- 209.65] Pasito a pasito, suave suavecito, nos vamos pegando poquito a poquito
[ 209.65- 213.65] Que le enseñes a mi boca, los lugares favoritos
[ 213.65- 217.65] Favoritos favoritos, masito a pasito, suave suavecito
[ 217.65- 220.65] Nos vamos pegando poquito a poquito
[ 220.65- 225.65] Hasta provocar tu escrito, que olvides tu apellido
[ 225.65- 228.65] Despacito
-- LRC 每行 (start 最近的 ASR 段起点差) --
→ C:\Users\ericz\Doubao\chats\2026-08-26\new-chat\songlearnV2\_check_despacito.txt
======== 处理 Toca Toca ========
[Toca Toca] vocals 就绪 28620KB
=== Toca Toca (时长 166s, ASR 12 段) ===
-- ASR 段 --
[   7.12-  13.70] You said no no no I said no no no no you say take me home I said don't
[  13.70-  19.70] Perignon. You said no, no, no. I said no, no, no, no, no.
[  19.70-  29.72] La música de toca toca toca.
[  29.72-  32.72] La luvina loca loca loca loca.
[  32.72-  53.65] Te encanta la música de toca toca toca.
[  53.65-  60.65] I wanna stay here in only forever rivers of champagne celebrate together.
[  60.65-  67.61] I want to play rain on me forever rebut the champagne celebrate together
[  98.49- 126.25] I see your eyes every day and every night and I I want to hold you till the end of time say overnight
[ 126.25- 132.25] because I want you in my life and I I want to love you I will never make you cry
[ 149.96- 155.93] Ka, ka to ka to ka.
[ 157.61- 159.61] Ka, ka, ka.
[ 161.93- 163.93] Ka to ka to ka.
-- LRC 每行 (start 最近的 ASR 段起点差) --
→ C:\Users\ericz\Doubao\chats\2026-08-26\new-chat\songlearnV2\_check_tocatoca.txt
======== 处理 Waka Waka (Esto es África) ========
[Waka Waka (Esto es África)] vocals 就绪 36287KB
=== Waka Waka (Esto es África) (时长 211s, ASR 22 段) ===
-- ASR 段 --
[  33.46-  37.26] Llevo al momento, caen las murallas
[  37.26-  41.06] Va a comenzar a la única justa de las batallas
[  41.06-  44.86] No duele el golpe, no existe el miedo
[  44.86-  48.76] Quitate el polvo, ponte de pie y vuelves al ruedo
[  48.76-  52.56] Y la presión se siente
[  52.56-  55.96] Espera en ti, tu gente
[  55.96-  59.66] Ahora vamos por todo y te acompaña la certeza
[  59.66-  63.50] Sámina, mina, sanga de guá, porque esto es África.
[  63.50-  67.26] Sámina, mina, eh, eh, guacá, guacá, eh, eh.
[  67.26-  86.56] Sámina, mina, sanga de guá, porque esto es África.
[  86.56-  92.20] Oye, tu Dios, y no está la solo, llegaste aquí para brillar.
[  92.20-  94.12] El rock tienes todo.
[  94.12-  97.88] La hora se acerca, es el momento.
[  97.88- 101.80] Vas a ganar cada patralla, te lo presento.
[ 101.80- 108.92] Hay que empezar el cielo para tocar el cielo
[ 108.92- 112.64] Ahora vamos por todo y todos vamos por ello
[ 112.64- 116.44] Samina, Mina, San Caligua, porque esto es África
[ 116.44- 120.16] Samina, Mina, Ene, Huaca, Huaca, Ene
[ 120.16- 123.92] Samina, Mina, San Caligua, Ana, Huaca, A
[ 123.92- 127.72] Samina, Mina, Ene, Huaca, Huaca, Ene
[ 127.72- 131.36] Samina, Mina, San Caligua, porque esto es África
[ 195.01- 206.69] África, porque después de África, San Macri lo cuela, cuela.
-- LRC 每行 (start 最近的 ASR 段起点差) --
OK [  33.46] Llegó el momento, caen las murallas       vs ASR 33.46 Llevo al momento, caen las mur
OK [  36.76] Va a comenzar la única justa de las bata  vs ASR 37.26 Va a comenzar a la única justa
OK [  40.58] No duele el golpe, no existe el miedo     vs ASR 41.06 No duele el golpe, no existe e
OK [  44.78] Quítate el polvo, ponte de pie, y vuelve  vs ASR 44.86 Quitate el polvo, ponte de pie
OK [  48.46] Y la presión se siente                    vs ASR 48.76 Y la presión se siente
OK [  52.84] Espera en ti tu gente                     vs ASR 52.56 Espera en ti, tu gente
OK [  55.38] Ahora vamos por todo                      vs ASR 55.96 Ahora vamos por todo y te acom
~ [  57.48] Y te acompaña la suerte                   vs ASR 55.96 Ahora vamos por todo y te acom
OK [  59.18] Tsamina mina zangalewa                    vs ASR 59.66 Sámina, mina, sanga de guá, po
~ [  61.52] Porque esto es África                     vs ASR 59.66 Sámina, mina, sanga de guá, po
OK [  62.98] Tsamina mina, eh eh                       vs ASR 63.50 Sámina, mina, eh, eh, guacá, g
~ [  64.57] Waka waka, eh eh                          vs ASR 63.50 Sámina, mina, eh, eh, guacá, g
OK [  66.67] Tsamina mina zangalewa                    vs ASR 67.26 Sámina, mina, sanga de guá, po
~ [  69.08] Porque esto es África                     vs ASR 67.26 Sámina, mina, sanga de guá, po
OK [  86.32] Oye a tu Dios y no estarás solo           vs ASR 86.56 Oye, tu Dios, y no está la sol
~ [  90.42] Llegaste aquí para brillar, lo tienes to  vs ASR 92.20 El rock tienes todo.
OK [  93.69] La hora se acerca, es el momento          vs ASR 94.12 La hora se acerca, es el momen
OK [  97.94] Vas a ganar cada batalla, ya lo presient  vs ASR 97.88 Vas a ganar cada patralla, te 
OK [ 100.98] Hay que empezar de cero                   vs ASR 101.80 Hay que empezar el cielo para 
!! [ 105.16] Para tocar el cielo                       vs ASR 101.80 Hay que empezar el cielo para 
OK [ 108.34] Ahora vamos por todo                      vs ASR 108.92 Ahora vamos por todo y todos v
~ [ 110.50] Y todos vamos por ellos                   vs ASR 108.92 Ahora vamos por todo y todos v
OK [ 112.42] Tsamina mina zangalewa                    vs ASR 112.64 Samina, Mina, San Caligua, por
~ [ 114.58] Porque esto es África                     vs ASR 116.44 Samina, Mina, Ene, Huaca, Huac
OK [ 115.98] Tsamina mina, eh eh                       vs ASR 116.44 Samina, Mina, Ene, Huaca, Huac
~ [ 117.86] Waka waka, eh eh                          vs ASR 116.44 Samina, Mina, Ene, Huaca, Huac
OK [ 119.44] Tsamina mina zangalewa                    vs ASR 120.16 Samina, Mina, San Caligua, Ana
~ [ 122.10] Anawa ah ah                               vs ASR 123.92 Samina, Mina, Ene, Huaca, Huac
~ [ 125.02] Waka waka, eh eh                          vs ASR 123.92 Samina, Mina, Ene, Huaca, Huac
OK [ 127.54] Tsamina mina zangalewa                    vs ASR 127.72 Samina, Mina, San Caligua, por
~ [ 129.60] Porque esto es África                     vs ASR 127.72 Samina, Mina, San Caligua, por
!! [ 131.44] Awela majoni biggie biggie mamma one A t  vs ASR 127.72 Samina, Mina, San Caligua, por
!! [ 133.46] Bathi tsu zala majoni biggie biggie mamm  vs ASR 127.72 Samina, Mina, San Caligua, por
!! [ 139.06] Zonke zizwe mazi buye                     vs ASR 127.72 Samina, Mina, San Caligua, por
!! [ 143.10] 'Cause this is Africa                     vs ASR 127.72 Samina, Mina, San Caligua, por
!! [ 146.20] Tsamina mina, anawa ah ah                 vs ASR 127.72 Samina, Mina, San Caligua, por
!! [ 148.80] Tsamina mina                              vs ASR 127.72 Samina, Mina, San Caligua, por
!! [ 150.20] Tsamina mina, anawa ah ah                 vs ASR 127.72 Samina, Mina, San Caligua, por
!! [ 154.30] Tsamina mina zangalewa                    vs ASR 127.72 Samina, Mina, San Caligua, por
!! [ 156.30] Tsamina mina, eh eh                       vs ASR 127.72 Samina, Mina, San Caligua, por
!! [ 158.08] Waka waka, eh eh                          vs ASR 127.72 Samina, Mina, San Caligua, por
!! [ 159.90] Anawa ah ah                               vs ASR 127.72 Samina, Mina, San Caligua, por
!! [ 165.50] Tsamina mina zangalewa                    vs ASR 195.01 África, porque después de Áfri
!! [ 167.16] Anawa ah ah                               vs ASR 195.01 África, porque después de Áfri
!! [ 168.72] Tsamina mina                              vs ASR 195.01 África, porque después de Áfri
!! [ 169.08] Tsamina mina, eh eh                       vs ASR 195.01 África, porque después de Áfri
!! [ 171.34] Waka waka, eh eh                          vs ASR 195.01 África, porque después de Áfri
!! [ 173.16] Tsamina mina zangalewa                    vs ASR 195.01 África, porque después de Áfri
!! [ 175.18] Porque esto es África                     vs ASR 195.01 África, porque después de Áfri
!! [ 176.50] Django, eh eh                             vs ASR 195.01 África, porque después de Áfri
!! [ 178.84] Django, eh eh                             vs ASR 195.01 África, porque después de Áfri
!! [ 180.72] Tsamina mina zangalewa                    vs ASR 195.01 África, porque después de Áfri
!! [ 182.60] Anawa ah ah                               vs ASR 195.01 África, porque después de Áfri
!! [ 184.56] Django, eh eh                             vs ASR 195.01 África, porque después de Áfri
!! [ 186.40] Django, eh eh                             vs ASR 195.01 África, porque después de Áfri
!! [ 188.28] Tsamina mina zangalewa                    vs ASR 195.01 África, porque después de Áfri
!! [ 190.16] Anawa ah ah                               vs ASR 195.01 África, porque después de Áfri
~ [ 193.88] Porque esto es África                     vs ASR 195.01 África, porque después de Áfri
!! [ 197.70] This time for Africa                      vs ASR 195.01 África, porque después de Áfri
!! [ 201.36] We're all Africa                          vs ASR 195.01 África, porque después de Áfri
!! [ 205.40] We're all Africa                          vs ASR 195.01 África, porque después de Áfri
→ C:\Users\ericz\Doubao\chats\2026-08-26\new-chat\songlearnV2\_check_wakawaka.txt
======== 处理 Sofia ========
[Sofia] vocals 就绪 36252KB
=== Sofia (时长 210s, ASR 40 段) ===
-- ASR 段 --
[   7.38-  14.82] sueño cuando era pequeño sin preocupación en el corazón
[  14.82-  22.46] sigo viendo aquel momento se desvaneció desapareció
[  22.46-  29.90] ya no te creo, ya no te deseo, eh-oh
[  29.90-  36.90] Solo te dejo, solo te deseo, eho
[  36.90-  43.10] Mira social
[  43.10-  47.10] Sin tu mirada sigo, sin tu mirada sigo
[  47.10-  50.10] Vime social
[  50.10-  54.10] Cómo te miras dime, cómo te miras dime
[  54.10-  57.10] Sé que no, sé que no
[  57.10-  61.90] Sé que solo, sé que ya no soy, hoy, hoy, hoy
[  61.90-  76.92] Mira, Sofía, sin tu beada, sigo sin tu beada, Sofía
[  76.92-  84.42] Dices que éramos felices, todo ya pasó, todo ya pasó
[  84.42-  91.92] Sé que te corte las alas, el tizó volar, el tizó soñar
[  91.92-  98.22] Ya no te creo, ya no te deseo, eh-oh
[  99.22- 106.22] Solo te veo, solo te deseo, eh-oh
[ 106.22- 116.52] Mira Sofía, sin tu mirada sigo, sin tu mirada sigo
[ 116.52- 119.14] Dime, Sofía
[ 119.14- 123.53] Ya dime cómo no te miras
[ 123.53- 126.63] Dime, sé quién no, sé quién no
[ 126.63- 129.93] Sé que solo, sé que ya no soy
[ 129.93- 131.43] No, ni hoy, ni hoy
[ 131.43- 135.03] Mira, Sofía
[ 135.03- 140.13] Sin tu mirada, sigo sin tu mirada, Sofía
[ 140.13- 151.44] ¿Y por qué no me dices la verdad, eh?
[ 151.44- 154.44] Sigo sin tu mirada, Sofía
[ 154.44- 158.04] Eh, eh, eh, eh, eh
[ 159.04- 161.44] ¿Y por qué no me dices la verdad?
[ 161.44- 165.04] Mira, Sofía
[ 165.04- 168.84] Sin tu mirada, sigo sin tu mirada
[ 168.84- 172.64] Dime, Sofía
[ 172.64- 176.24] ¿Cómo te mira? Dime, ¿cómo te mira?
[ 176.24- 180.04] Mira, Sofía
[ 180.04- 183.84] Sin tu mirada, sigo, sin tu mirada, sigo
[ 183.84- 185.84] Dime, Sofía
[ 185.84- 191.27] Ya dime cómo te miras
[ 191.27- 194.27] Dime, sé que no, sé que no
[ 194.27- 198.27] Sé que solo, sé que ya no soy yo y hoy y hoy
[ 198.27- 202.27] Mira, Sofía
[ 202.27- 205.27] Sin tu mirada, sigo sin tu mirada
[ 205.27- 207.27] Sofía
-- LRC 每行 (start 最近的 ASR 段起点差) --
→ C:\Users\ericz\Doubao\chats\2026-08-26\new-chat\songlearnV2\_check_sofia.txt
