======== 处理 Despacito ========
[Despacito] vocals 就绪 39411KB
=== Despacito (时长 229s, ASR 70 段) ===
-- ASR 段 --
[   7.15-  10.65] Ay, fancy.
[  10.65-  14.47] Jihua.
[  14.47-  15.47] Oh, no.
[  15.47-  20.05] Tere tere tere tere.
[  20.05-  20.55] Yo.
[  20.55-  21.05] Sí.
[  21.05-  26.05] Sabes que ya llevo un rato mirándote.
[  26.05-  30.05] Tengo que bailar contigo hoy.
[  30.05-  31.05] Jihua.
[  31.05-  36.55] Dí que tu mirada ya estaba llamándome.
[  36.55-  41.05] Muéstrame el camino que yo voy.
[  41.05-  45.35] Oh, noo, tú eres el imán y yo soy el metal
[  45.35-  48.05] Me voy acercando y voy armando el plan
[  48.05-  51.05] Solo compensarlo, se acelera el pulso
[  52.05-  56.05] Oh yeah, ya, ya me está gustando más de lo normal
[  56.05-  59.05] Todo mi sentido me han pidiendo más
[  59.05-  62.05] Estoy quedó malo sin ningún apuro
[  62.05-  67.05] Despacito, quiero respirar tu juego despacito
[  67.05-  70.05] Deja que te diga cosas al oído
[  70.05-  73.05] Para que te acuerdes si no estás conmigo
[  73.05-  75.05] Despacito
[  75.05-  78.05] Quiero deshidarte a besos despacito
[  78.05-  81.05] Firma en las paredes de tu laberinto
[  81.05-  83.05] De hacer de tu cuerpo todo un manuscrito
[  83.05-  85.05] Super, super, super, super, super
[  85.05-  87.05] Quiero ver bailar tu pelo
[  87.05-  89.05] Quiero hacer tu ritmo
[  89.05-  92.05] Que le enseñes a mi boca
[  92.05-  94.05] Los lugares favoritos
[  94.05-  96.05] Favoritos, favoritos, baby
[  96.05- 100.05] Déjame sobrepasar tus honas de peligro
[ 100.05- 103.05] Hasta provocar tus criptos
[ 103.05- 106.05] Y que olvides que peguenidad es igual
[ 106.05- 108.05] Si te pido un beso, vendámelo
[ 108.05- 109.05] Yo sé que estás pensándolo
[ 109.05- 110.05] Llevo tiempo intentándolo
[ 110.05- 112.05] Mami, estoy banditándolo
[ 112.05- 114.05] Sabe que tu corazón conmigo te hace bam bam
[ 114.05- 117.05] Sabe que sabe lo hasta buscando de mi bam bam
[ 117.05- 120.05] Me preparas de mi boca para ver cómo te sabes
[ 120.05- 122.05] Quiero, quiero, quiero ver cuánto amor a ti te cabe
[ 122.05- 125.05] Yo no tengo prisa, yo me quiero dar el viaje
[ 125.05- 127.85] Empezamos lento después salvaje
[ 127.85- 130.65] Pasito a pasito, suave suavecito
[ 130.65- 133.25] Nos vamos pegando poquito a poquito
[ 133.25- 136.05] Cuando tú me besas con esa destreza
[ 136.05- 138.65] Yo quiero ir en malicia con delicadeza
[ 138.65- 141.45] Pasito a pasito, suave suavecito
[ 141.45- 144.05] Nos vamos pegando poquito a poquito
[ 144.05- 146.85] Y es que esta belleza es un rompecabezas
[ 146.85- 149.65] Pero pa' montarlo aquí tengo la pieza
[ 149.65- 154.65] Despacito Quiero respirar tu juego despacito
[ 154.65- 160.65] Deja que te diga cosas al oído Para que te acuerdes si no estás conmigo
[ 160.65- 165.65] Despacito Quiero deshundarte a besos despacito
[ 165.65- 170.65] Firma las paredes de tu laberinto Y hacer de tu cuerpo todo un manuscrito
[ 170.65- 172.65] ¡Super, super, super!
[ 172.65- 178.65] Quiero ver bailar tu pelo, quiero hacer tu ritmo Que le enseñes a mi boca
[ 178.65- 183.65] Los lugares favoritos, favoritos, favoritos, baby
[ 183.65- 186.65] Déjame sobrepasar tus olas de peligro
[ 186.65- 189.65] Hasta provocar tus gritos
[ 189.65- 192.65] Y que olvides tu apellido
[ 192.65- 197.65] Despacito, vamos a hacerlo en una playa en Puerto Rico
[ 197.65- 200.65] Hasta que la sola esgrite, no hay bendito
[ 200.65- 203.65] Para que mis sellos se quede contigo
[ 203.65- 209.65] Pasito a pasito, suave suavecito, nos vamos pegando poquito a poquito
[ 209.65- 213.65] Que le enseñes a mi boca, los lugares favoritos
[ 213.65- 217.65] Favoritos favoritos, masito a pasito, suave suavecito
[ 217.65- 220.65] Nos vamos pegando poquito a poquito
[ 220.65- 225.65] Hasta provocar tu escrito, que olvides tu apellido
[ 225.65- 228.65] Despacito
-- LRC 每行 (start 最近的 ASR 段起点差) --
OK [   6.36] Ay, ¡Fonsi! ¡D.Y.                         vs ASR 7.15 Ay, fancy.
OK [  10.70] Ohhh, oh, no, oh, no, oh                  vs ASR 10.65 Jihua.
OK [  14.91] ¡Hey, yeah                                vs ASR 14.47 Oh, no.
~ [  18.27] Dididiri Daddy, go                        vs ASR 20.05 Yo.
OK [  20.11] Sí, sabes que ya llevo un rato mirándote  vs ASR 20.05 Yo.
~ [  24.17] Tengo que bailar contigo hoy              vs ASR 26.05 Tengo que bailar contigo hoy.
~ [  28.89] (¡D.Y.!) Vi que tu mirada ya estaba llam  vs ASR 30.05 Jihua.
~ [  34.46] Muéstrame el camino que yo voy            vs ASR 36.55 Muéstrame el camino que yo voy
~ [  37.77] ¡Oh                                       vs ASR 36.55 Muéstrame el camino que yo voy
OK [  41.08] Tú, tú eres el imán y yo soy el metal     vs ASR 41.05 Oh, noo, tú eres el imán y yo 
OK [  44.40] Me voy acercando y voy armando el plan    vs ASR 45.35 Me voy acercando y voy armando
OK [  47.09] Sólo con pensarlo se acelera el pulso (¡  vs ASR 48.05 Solo compensarlo, se acelera e
OK [  52.48] Ya, ya me está gustando más de lo normal  vs ASR 52.05 Oh yeah, ya, ya me está gustan
OK [  55.19] Todos mis sentidos van pidiendo más       vs ASR 56.05 Todo mi sentido me han pidiend
~ [  57.89] Esto hay que tomarlo sin ningún apuro     vs ASR 59.05 Estoy quedó malo sin ningún ap
OK [  61.25] Despacito                                 vs ASR 62.05 Despacito, quiero respirar tu 
~ [  64.09] Quiero respirar tu cuello despacito       vs ASR 62.05 Despacito, quiero respirar tu 
OK [  66.46] Deja que te diga cosas al oído            vs ASR 67.05 Deja que te diga cosas al oído
OK [  69.15] Para que te acuerdes si no estás conmigo  vs ASR 70.05 Para que te acuerdes si no est
OK [  72.70] Despacito                                 vs ASR 73.05 Despacito
OK [  74.21] Quiero desnudarte a besos despacito       vs ASR 75.05 Quiero deshidarte a besos desp
OK [  78.09] Firmo en las paredes de tu laberinto      vs ASR 78.05 Firma en las paredes de tu lab
~ [  79.95] Y hacer de tu cuerpo todo un manuscrito   vs ASR 81.05 De hacer de tu cuerpo todo un 
OK [  83.99] (Sube, sube, sube, sube, sube)            vs ASR 83.05 Super, super, super, super, su
OK [  84.99] Quiero ver bailar tu pelo, quiero ser tu  vs ASR 85.05 Quiero ver bailar tu pelo
OK [  89.37] Que le enseñes a mi boca (Woah, woah)     vs ASR 89.05 Que le enseñes a mi boca
OK [  92.07] Tus lugares favoritos (Favorito, favorit  vs ASR 92.05 Los lugares favoritos
OK [  95.78] Déjame sobrepasar tus zonas de peligro (  vs ASR 96.05 Déjame sobrepasar tus honas de
~ [  98.82] Hasta provocar tus gritos (Woah, woah)    vs ASR 100.05 Hasta provocar tus criptos
~ [ 101.73] Y que olvides tu apellido                 vs ASR 103.05 Y que olvides que peguenidad e
OK [ 105.56] Si te pido un beso, ven, dámelo, yo sé q  vs ASR 106.05 Si te pido un beso, vendámelo
OK [ 108.25] Llevo tiempo intentándolo, mami, esto es  vs ASR 108.05 Yo sé que estás pensándolo
OK [ 111.29] Sabes que tu corazón conmigo te hace ban  vs ASR 112.05 Sabe que tu corazón conmigo te
OK [ 113.99] Sabes que esa beba está buscando de mi b  vs ASR 114.05 Sabe que sabe lo hasta buscand
OK [ 116.68] Ven, prueba de mi boca para ver cómo te   vs ASR 117.05 Me preparas de mi boca para ve
~ [ 118.70] Quiero, quiero, quiero ver cuánto amor a  vs ASR 120.05 Quiero, quiero, quiero ver cuá
OK [ 121.74] Yo no tengo prisa, yo me quiero dar el v  vs ASR 122.05 Yo no tengo prisa, yo me quier
OK [ 124.44] Empecemos lento, después salvaje          vs ASR 125.05 Empezamos lento después salvaj
OK [ 127.13] Pasito a pasito, suave suavecito          vs ASR 127.85 Pasito a pasito, suave suaveci
OK [ 129.82] Nos vamos pegando, poquito a poquito      vs ASR 130.65 Nos vamos pegando poquito a po
OK [ 133.54] Cuando tú me besas con esa destreza       vs ASR 133.25 Cuando tú me besas con esa des
OK [ 135.56] Veo que eres malicia con delicadeza       vs ASR 136.05 Yo quiero ir en malicia con de
OK [ 138.25] Pasito a pasito, suave suavecito          vs ASR 138.65 Pasito a pasito, suave suaveci
OK [ 140.62] Nos vamos pegando, poquito a poquito      vs ASR 141.45 Nos vamos pegando poquito a po
OK [ 143.99] Y es que esa belleza es un rompecabezas   vs ASR 144.05 Y es que esta belleza es un ro
OK [ 146.68] Pero pa' montarlo aquí tengo la pieza     vs ASR 146.85 Pero pa' montarlo aquí tengo l
OK [ 149.40] ¡Oye                                      vs ASR 149.65 Despacito Quiero respirar tu j
~ [ 150.72] Despacito                                 vs ASR 149.65 Despacito Quiero respirar tu j
~ [ 152.25] Quiero respirar tu cuello despacito       vs ASR 154.65 Deja que te diga cosas al oído
OK [ 153.76] Deja que te diga cosas al oído            vs ASR 154.65 Deja que te diga cosas al oído
~ [ 156.46] Para que te acuerdes si no estás conmigo  vs ASR 154.65 Deja que te diga cosas al oído
OK [ 160.33] Despacito                                 vs ASR 160.65 Despacito Quiero deshundarte a
~ [ 161.84] Quiero desnudarte a besos despacito       vs ASR 160.65 Despacito Quiero deshundarte a
OK [ 164.88] Firmo en las paredes de tu laberinto      vs ASR 165.65 Firma las paredes de tu laberi
~ [ 167.58] Y hacer de tu cuerpo todo un manuscrito   vs ASR 165.65 Firma las paredes de tu laberi
OK [ 171.13] (Sube, sube, sube, sube, sube)            vs ASR 170.65 ¡Super, super, super!
OK [ 172.64] Quiero ver bailar tu pelo, quiero ser tu  vs ASR 172.65 Quiero ver bailar tu pelo, qui
~ [ 176.68] Que le enseñes a mi boca (Woah, woah)     vs ASR 178.65 Los lugares favoritos, favorit
~ [ 179.72] Tus lugares favoritos (Favorito, favorit  vs ASR 178.65 Los lugares favoritos, favorit
OK [ 183.76] Déjame sobrepasar tus zonas de peligro (  vs ASR 183.65 Déjame sobrepasar tus olas de 
OK [ 186.46] Hasta provocar tus gritos (Woah, woah)    vs ASR 186.65 Hasta provocar tus gritos
OK [ 189.50] Y que olvides tu apellido                 vs ASR 189.65 Y que olvides tu apellido
OK [ 191.84] Despacito                                 vs ASR 192.65 Despacito, vamos a hacerlo en 
~ [ 195.23] Vamo' a hacerlo en una playa en Puerto R  vs ASR 197.65 Hasta que la sola esgrite, no 
OK [ 196.93] Hasta que las olas griten "¡Ay, Bendito!  vs ASR 197.65 Hasta que la sola esgrite, no 
OK [ 200.20] Para que mi sello se quede contigo        vs ASR 200.65 Para que mis sellos se quede c
OK [ 203.99] ¡Báilalo                                  vs ASR 203.65 Pasito a pasito, suave suaveci
~ [ 205.68] Pasito a pasito, suave suavecito          vs ASR 203.65 Pasito a pasito, suave suaveci
!! [ 206.68] Nos vamos pegando, poquito a poquito      vs ASR 209.65 Que le enseñes a mi boca, los 
OK [ 209.37] Que le enseñes a mi boca                  vs ASR 209.65 Que le enseñes a mi boca, los 
~ [ 212.42] Tus lugares favoritos                     vs ASR 213.65 Favoritos favoritos, masito a 
OK [ 214.44] (Favorito, favorito, baby)                vs ASR 213.65 Favoritos favoritos, masito a 
~ [ 215.78] Pasito a pasito, suave suavecito          vs ASR 217.65 Nos vamos pegando poquito a po
OK [ 218.15] Nos vamos pegando, poquito a poquito      vs ASR 217.65 Nos vamos pegando poquito a po
OK [ 220.17] Hasta provocar tus gritos (Fonsi)         vs ASR 220.65 Hasta provocar tu escrito, que
~ [ 222.75] Y que olvides tu apellido (D.Y.)          vs ASR 220.65 Hasta provocar tu escrito, que
OK [ 225.05] Despacito                                 vs ASR 225.65 Despacito
→ C:\Users\ericz\Doubao\chats\2026-08-26\new-chat\songlearnV2\_check_despacito.txt
======== 处理 Toca Toca ========
[Toca Toca] vocals 就绪 28620KB
=== Toca Toca (时长 166s, ASR 9 段) ===
-- ASR 段 --
[   7.12-  13.64] No, you said no no no I said no no no no no you say take me home I said don't
[  13.64-  29.66] you said, no, no, no, I said, no, no, no, no, no, no, no.
[  29.66-  61.59] I want to see rain on me forever, rivers of champagne celebrate together.
[  61.59-  68.39] They rain on me forever, river, the champagne, celebrate together.
[  68.39- 120.59] I see your eyes every day and every night.
[ 120.59- 124.75] And I, I wanna hold you till the end of time
[ 124.75- 128.23] Say overnight, cause I want you in my life
[ 128.23- 132.23] And I, I wanna love you, I will never make you cry
[ 160.83- 162.83] Taka toka toka
-- LRC 每行 (start 最近的 ASR 段起点差) --
OK [   6.89] Oh, you say, "No, no, no," I say, "No, n  vs ASR 7.12 No, you said no no no I said n
~ [  11.84] You say, "Take me home," I say, "Dom Pér  vs ASR 13.64 you said, no, no, no, I said, 
~ [  15.31] You say, "No no no," I say, "No, no, no,  vs ASR 13.64 you said, no, no, no, I said, 
!! [  19.39] No, no, no, no                            vs ASR 13.64 you said, no, no, no, I said, 
!! [  22.05] Hasta la vida loca, loca, loca, loca      vs ASR 29.66 I want to see rain on me forev
!! [  26.23] Te encanta la musica te toca, toca, toca  vs ASR 29.66 I want to see rain on me forev
OK [  29.92] Hasta la vida loca, loca, loca, loca      vs ASR 29.66 I want to see rain on me forev
!! [  33.75] Te encanta la musica te toca, toca, toca  vs ASR 29.66 I want to see rain on me forev
!! [  52.79] Oh, I wanna see rain on me forever        vs ASR 61.59 They rain on me forever, river
!! [  56.84] Rivers of champagne, celebrate together   vs ASR 61.59 They rain on me forever, river
OK [  60.79] Oh, I wanna see rain on me forever        vs ASR 61.59 They rain on me forever, river
!! [  64.64] Rivers of champagne, celebrate together   vs ASR 61.59 They rain on me forever, river
~ [  69.64] Hasta la vida loca, loca, loca, loca      vs ASR 68.39 I see your eyes every day and 
!! [  73.90] Te encanta la musica te toca, toca, toca  vs ASR 68.39 I see your eyes every day and 
!! [  77.59] Hasta la vida loca, loca, loca, loca      vs ASR 68.39 I see your eyes every day and 
!! [  81.36] Te encanta la musica te toca, toca, toca  vs ASR 68.39 I see your eyes every day and 
!! [  85.14] Toca, toca, toca                          vs ASR 68.39 I see your eyes every day and 
!! [  87.31] Hasta la vida loca, loca, loca, loca      vs ASR 68.39 I see your eyes every day and 
!! [  91.03] Te encanta la musica te toca, toca, toca  vs ASR 68.39 I see your eyes every day and 
!! [  94.87] Hasta la vida loca, loca, loca, loca      vs ASR 120.59 And I, I wanna hold you till t
!! [  98.56] Te encanta la musica te toca, toca, toca  vs ASR 120.59 And I, I wanna hold you till t
!! [ 117.35] I see your eyes every day and every nigh  vs ASR 120.59 And I, I wanna hold you till t
OK [ 121.10] And I, I wanna hold you, love you 'til t  vs ASR 120.59 And I, I wanna hold you till t
OK [ 125.06] Stay overnight 'cause I want you in my l  vs ASR 124.75 Say overnight, cause I want yo
OK [ 128.61] And I, I wanna love you, I will never ma  vs ASR 128.23 And I, I wanna love you, I wil
!! [ 133.70] Hasta la vida loca, loca, loca, loca      vs ASR 128.23 And I, I wanna love you, I wil
!! [ 137.66] Te encanta la musica te toca, toca, toca  vs ASR 128.23 And I, I wanna love you, I wil
!! [ 141.39] Hasta la vida loca, loca, loca, loca      vs ASR 128.23 And I, I wanna love you, I wil
!! [ 145.28] Te encanta la musica te toca, toca, toca  vs ASR 160.83 Taka toka toka
!! [ 154.43] Toca, toca, toca                          vs ASR 160.83 Taka toka toka
~ [ 162.03] Toca, toca, toca                          vs ASR 160.83 Taka toka toka
→ C:\Users\ericz\Doubao\chats\2026-08-26\new-chat\songlearnV2\_check_tocatoca.txt
======== 处理 Waka Waka (Esto es África) ========
[Waka Waka (Esto es África)] vocals 就绪 36287KB
=== Waka Waka (Esto es África) (时长 211s, ASR 22 段) ===
-- ASR 段 --
[  33.46-  37.26] Llevo al momento, caen las murallas
[  37.26-  41.06] Va a comenzar a la única justa de las batallas
[  41.06-  44.86] No duele el golpe, no existe el miedo
[  44.86-  48.76] Quitate el polvo, ponte de pie y vuelves al ruedo
[  48.76-  52.56] Y la presión se siente
[  52.56-  55.96] Espera en ti, tu gente
[  55.96-  59.66] Ahora vamos por todo y te acompaña la certeza
[  59.66-  63.50] Sámina, mina, sanga de guá, porque esto es África.
[  63.50-  67.26] Sámina, mina, eh, eh, guacá, guacá, eh, eh.
[  67.26-  86.56] Sámina, mina, sanga de guá, porque esto es África.
[  86.56-  92.20] Oye, tu Dios, y no está la solo, llegaste aquí para brillar.
[  92.20-  94.12] El rock tienes todo.
[  94.12-  97.88] La hora se acerca, es el momento.
[  97.88- 101.80] Vas a ganar cada patralla, te lo presento.
[ 101.80- 108.92] Hay que empezar el cielo para tocar el cielo
[ 108.92- 112.64] Ahora vamos por todo y todos vamos por ello
[ 112.64- 116.44] Samina, Mina, San Caligua, porque esto es África
[ 116.44- 120.16] Samina, Mina, Ene, Huaca, Huaca, Ene
[ 120.16- 123.92] Samina, Mina, San Caligua, Ana, Huaca, A
[ 123.92- 127.72] Samina, Mina, Ene, Huaca, Huaca, Ene
[ 127.72- 131.36] Samina, Mina, San Caligua, porque esto es África
[ 195.01- 206.69] África, porque después de África, San Macri lo cuela, cuela.
-- LRC 每行 (start 最近的 ASR 段起点差) --
OK [  33.46] Llegó el momento, caen las murallas       vs ASR 33.46 Llevo al momento, caen las mur
OK [  36.76] Va a comenzar la única justa de las bata  vs ASR 37.26 Va a comenzar a la única justa
OK [  40.58] No duele el golpe, no existe el miedo     vs ASR 41.06 No duele el golpe, no existe e
OK [  44.78] Quítate el polvo, ponte de pie, y vuelve  vs ASR 44.86 Quitate el polvo, ponte de pie
OK [  48.46] Y la presión se siente                    vs ASR 48.76 Y la presión se siente
OK [  52.84] Espera en ti tu gente                     vs ASR 52.56 Espera en ti, tu gente
OK [  55.38] Ahora vamos por todo                      vs ASR 55.96 Ahora vamos por todo y te acom
~ [  57.48] Y te acompaña la suerte                   vs ASR 55.96 Ahora vamos por todo y te acom
OK [  59.18] Tsamina mina zangalewa                    vs ASR 59.66 Sámina, mina, sanga de guá, po
~ [  61.52] Porque esto es África                     vs ASR 59.66 Sámina, mina, sanga de guá, po
OK [  62.98] Tsamina mina, eh eh                       vs ASR 63.50 Sámina, mina, eh, eh, guacá, g
~ [  64.57] Waka waka, eh eh                          vs ASR 63.50 Sámina, mina, eh, eh, guacá, g
OK [  66.67] Tsamina mina zangalewa                    vs ASR 67.26 Sámina, mina, sanga de guá, po
~ [  69.08] Porque esto es África                     vs ASR 67.26 Sámina, mina, sanga de guá, po
OK [  86.32] Oye a tu Dios y no estarás solo           vs ASR 86.56 Oye, tu Dios, y no está la sol
~ [  90.42] Llegaste aquí para brillar, lo tienes to  vs ASR 92.20 El rock tienes todo.
OK [  93.69] La hora se acerca, es el momento          vs ASR 94.12 La hora se acerca, es el momen
OK [  97.94] Vas a ganar cada batalla, ya lo presient  vs ASR 97.88 Vas a ganar cada patralla, te 
OK [ 100.98] Hay que empezar de cero                   vs ASR 101.80 Hay que empezar el cielo para 
!! [ 105.16] Para tocar el cielo                       vs ASR 101.80 Hay que empezar el cielo para 
OK [ 108.34] Ahora vamos por todo                      vs ASR 108.92 Ahora vamos por todo y todos v
~ [ 110.50] Y todos vamos por ellos                   vs ASR 108.92 Ahora vamos por todo y todos v
OK [ 112.42] Tsamina mina zangalewa                    vs ASR 112.64 Samina, Mina, San Caligua, por
~ [ 114.58] Porque esto es África                     vs ASR 116.44 Samina, Mina, Ene, Huaca, Huac
OK [ 115.98] Tsamina mina, eh eh                       vs ASR 116.44 Samina, Mina, Ene, Huaca, Huac
~ [ 117.86] Waka waka, eh eh                          vs ASR 116.44 Samina, Mina, Ene, Huaca, Huac
OK [ 119.44] Tsamina mina zangalewa                    vs ASR 120.16 Samina, Mina, San Caligua, Ana
~ [ 122.10] Anawa ah ah                               vs ASR 123.92 Samina, Mina, Ene, Huaca, Huac
~ [ 125.02] Waka waka, eh eh                          vs ASR 123.92 Samina, Mina, Ene, Huaca, Huac
OK [ 127.54] Tsamina mina zangalewa                    vs ASR 127.72 Samina, Mina, San Caligua, por
~ [ 129.60] Porque esto es África                     vs ASR 127.72 Samina, Mina, San Caligua, por
!! [ 131.44] Awela majoni biggie biggie mamma one A t  vs ASR 127.72 Samina, Mina, San Caligua, por
!! [ 133.46] Bathi tsu zala majoni biggie biggie mamm  vs ASR 127.72 Samina, Mina, San Caligua, por
!! [ 139.06] Zonke zizwe mazi buye                     vs ASR 127.72 Samina, Mina, San Caligua, por
!! [ 143.10] 'Cause this is Africa                     vs ASR 127.72 Samina, Mina, San Caligua, por
!! [ 146.20] Tsamina mina, anawa ah ah                 vs ASR 127.72 Samina, Mina, San Caligua, por
!! [ 148.80] Tsamina mina                              vs ASR 127.72 Samina, Mina, San Caligua, por
!! [ 150.20] Tsamina mina, anawa ah ah                 vs ASR 127.72 Samina, Mina, San Caligua, por
!! [ 154.30] Tsamina mina zangalewa                    vs ASR 127.72 Samina, Mina, San Caligua, por
!! [ 156.30] Tsamina mina, eh eh                       vs ASR 127.72 Samina, Mina, San Caligua, por
!! [ 158.08] Waka waka, eh eh                          vs ASR 127.72 Samina, Mina, San Caligua, por
!! [ 159.90] Anawa ah ah                               vs ASR 127.72 Samina, Mina, San Caligua, por
!! [ 165.50] Tsamina mina zangalewa                    vs ASR 195.01 África, porque después de Áfri
!! [ 167.16] Anawa ah ah                               vs ASR 195.01 África, porque después de Áfri
!! [ 168.72] Tsamina mina                              vs ASR 195.01 África, porque después de Áfri
!! [ 169.08] Tsamina mina, eh eh                       vs ASR 195.01 África, porque después de Áfri
!! [ 171.34] Waka waka, eh eh                          vs ASR 195.01 África, porque después de Áfri
!! [ 173.16] Tsamina mina zangalewa                    vs ASR 195.01 África, porque después de Áfri
!! [ 175.18] Porque esto es África                     vs ASR 195.01 África, porque después de Áfri
!! [ 176.50] Django, eh eh                             vs ASR 195.01 África, porque después de Áfri
!! [ 178.84] Django, eh eh                             vs ASR 195.01 África, porque después de Áfri
!! [ 180.72] Tsamina mina zangalewa                    vs ASR 195.01 África, porque después de Áfri
!! [ 182.60] Anawa ah ah                               vs ASR 195.01 África, porque después de Áfri
!! [ 184.56] Django, eh eh                             vs ASR 195.01 África, porque después de Áfri
!! [ 186.40] Django, eh eh                             vs ASR 195.01 África, porque después de Áfri
!! [ 188.28] Tsamina mina zangalewa                    vs ASR 195.01 África, porque después de Áfri
!! [ 190.16] Anawa ah ah                               vs ASR 195.01 África, porque después de Áfri
~ [ 193.88] Porque esto es África                     vs ASR 195.01 África, porque después de Áfri
!! [ 197.70] This time for Africa                      vs ASR 195.01 África, porque después de Áfri
!! [ 201.36] We're all Africa                          vs ASR 195.01 África, porque después de Áfri
!! [ 205.40] We're all Africa                          vs ASR 195.01 África, porque después de Áfri
→ C:\Users\ericz\Doubao\chats\2026-08-26\new-chat\songlearnV2\_check_wakawaka.txt
======== 处理 Sofia ========
[Sofia] vocals 就绪 36252KB
=== Sofia (时长 210s, ASR 40 段) ===
-- ASR 段 --
[   7.38-  14.82] sueño cuando era pequeño sin preocupación en el corazón
[  14.82-  22.46] sigo viendo aquel momento se desvaneció desapareció
[  22.46-  29.90] ya no te creo, ya no te deseo, eh-oh
[  29.90-  36.90] Solo te dejo, solo te deseo, eho
[  36.90-  43.10] Mira social
[  43.10-  47.10] Sin tu mirada sigo, sin tu mirada sigo
[  47.10-  50.10] Vime social
[  50.10-  54.10] Cómo te miras dime, cómo te miras dime
[  54.10-  57.10] Sé que no, sé que no
[  57.10-  61.90] Sé que solo, sé que ya no soy, hoy, hoy, hoy
[  61.90-  76.92] Mira, Sofía, sin tu beada, sigo sin tu beada, Sofía
[  76.92-  84.42] Dices que éramos felices, todo ya pasó, todo ya pasó
[  84.42-  91.92] Sé que te corte las alas, el tizó volar, el tizó soñar
[  91.92-  98.22] Ya no te creo, ya no te deseo, eh-oh
[  99.22- 106.22] Solo te veo, solo te deseo, eh-oh
[ 106.22- 116.52] Mira Sofía, sin tu mirada sigo, sin tu mirada sigo
[ 116.52- 119.14] Dime, Sofía
[ 119.14- 123.53] Ya dime cómo no te miras
[ 123.53- 126.63] Dime, sé quién no, sé quién no
[ 126.63- 129.93] Sé que solo, sé que ya no soy
[ 129.93- 131.43] No, ni hoy, ni hoy
[ 131.43- 135.03] Mira, Sofía
[ 135.03- 140.13] Sin tu mirada, sigo sin tu mirada, Sofía
[ 140.13- 151.44] ¿Y por qué no me dices la verdad, eh?
[ 151.44- 154.44] Sigo sin tu mirada, Sofía
[ 154.44- 157.88] Eh, eh, eh, eh, eh
[ 159.08- 161.56] ¿Y por qué no me dices la verdad?
[ 161.56- 165.04] Mira, Sofía
[ 165.04- 168.84] Sin tu mirada, sigo sin tu mirada
[ 168.84- 172.68] Dime, Sofía
[ 172.68- 176.32] ¿Cómo te mira? Dime, cómo te mira
[ 176.32- 180.04] Mira, Sofía
[ 180.04- 183.92] Sin tu mirada, sigo, sin tu mirada, sigo
[ 183.92- 186.32] Dime, Sofía
[ 186.32- 190.95] Ya dime cómo te miras
[ 190.95- 194.15] Dime, sé que no, sé que no
[ 194.15- 198.95] Sé que solo, sé que ya no soy hoy hoy hoy
[ 198.95- 202.55] Mira, Sofía
[ 202.55- 205.75] Sin tu mirada, sigo sin tu mirada
[ 205.75- 207.75] Sofía
-- LRC 每行 (start 最近的 ASR 段起点差) --
!! [   0.26] (¡Eh!)                                    vs ASR 7.38 sueño cuando era pequeño sin p
OK [   7.79] Sueño cuando era pequeño                  vs ASR 7.38 sueño cuando era pequeño sin p
!! [  10.58] Sin preocupación en el corazón (¡eh!)     vs ASR 7.38 sueño cuando era pequeño sin p
OK [  15.20] Sigo viendo aquel momento                 vs ASR 14.82 sigo viendo aquel momento se d
!! [  18.19] Se desvaneció, desapareció (¡eh!)         vs ASR 14.82 sigo viendo aquel momento se d
OK [  22.76] Ya no te creo, ya no te deseo, eo (¡eh!)  vs ASR 22.46 ya no te creo, ya no te deseo,
OK [  30.14] Solo te veo, solo te deseo, eo            vs ASR 29.90 Solo te dejo, solo te deseo, e
!! [  39.69] Mira, Sofía (¡eh!)                        vs ASR 36.90 Mira social
OK [  43.49] Sin tu mirada sigo, sin tu mirada sigo    vs ASR 43.10 Sin tu mirada sigo, sin tu mir
OK [  47.13] Dime Sofía, ah-ah (¡eh!)                  vs ASR 47.10 Vime social
OK [  50.80] ¿Cómo te mira?, dime, ¿cómo te mira?, di  vs ASR 50.10 Cómo te miras dime, cómo te mi
OK [  54.76] Sé que no, sé que no, sé que solo         vs ASR 54.10 Sé que no, sé que no
~ [  59.39] Sé que ya no soy-oy-oy-oy                 vs ASR 57.10 Sé que solo, sé que ya no soy,
OK [  62.07] Mira, Sofía                               vs ASR 61.90 Mira, Sofía, sin tu beada, sig
!! [  65.90] Sin tu mirada sigo, sin tu mirada, Sofía  vs ASR 61.90 Mira, Sofía, sin tu beada, sig
OK [  77.35] Dices que éramos felices                  vs ASR 76.92 Dices que éramos felices, todo
!! [  79.90] Todo ya pasó, todo ya pasó (¡eh!)         vs ASR 76.92 Dices que éramos felices, todo
OK [  84.51] Sé que te corté las alas                  vs ASR 84.42 Sé que te corte las alas, el t
!! [  87.49] Él te hizo volar, él te hizo soñar (¡eh!  vs ASR 84.42 Sé que te corte las alas, el t
OK [  92.22] Ya no te creo, ya no te deseo, eo (¡eh!)  vs ASR 91.92 Ya no te creo, ya no te deseo,
OK [  99.62] Solo te veo, solo te deseo, eo            vs ASR 99.22 Solo te veo, solo te deseo, eh
!! [ 108.90] Mira, Sofía (¡eh!)                        vs ASR 106.22 Mira Sofía, sin tu mirada sigo
!! [ 112.63] Sin tu mirada sigo, sin tu mirada sigo    vs ASR 116.52 Dime, Sofía
OK [ 116.55] Dime Sofía, ah-ah (¡eh!)                  vs ASR 116.52 Dime, Sofía
~ [ 120.20] ¿Cómo te mira?, dime, ¿cómo te mira?, di  vs ASR 119.14 Ya dime cómo no te miras
OK [ 123.92] Sé que no, sé que no, sé que solo         vs ASR 123.53 Dime, sé quién no, sé quién no
~ [ 128.72] Sé que ya no soy-oy-oy-oy                 vs ASR 129.93 No, ni hoy, ni hoy
OK [ 131.45] Mira, Sofía                               vs ASR 131.43 Mira, Sofía
OK [ 135.13] Sin tu mirada sigo, sin tu mirada, Sofía  vs ASR 135.03 Sin tu mirada, sigo sin tu mir
!! [ 144.26] ¿Y por qué no me dices la verdad? Eh (¡e  vs ASR 140.13 ¿Y por qué no me dices la verd
OK [ 151.60] Sigo sin tu mirada, Sofía (¡eh!)          vs ASR 151.44 Sigo sin tu mirada, Sofía
OK [ 154.59] Eh, eh, eh, eh                            vs ASR 154.44 Eh, eh, eh, eh, eh
OK [ 159.15] ¿Y por qué no me dices la verdad? (¡Eh!)  vs ASR 159.08 ¿Y por qué no me dices la verd
OK [ 161.58] Mira, Sofía                               vs ASR 161.56 Mira, Sofía
OK [ 165.39] Sin tu mirada, sigo sin tu mirada         vs ASR 165.04 Sin tu mirada, sigo sin tu mir
OK [ 169.05] Dime, Sofía                               vs ASR 168.84 Dime, Sofía
OK [ 172.84] ¿Cómo te mira?, dime, ¿cómo te mira? (¡W  vs ASR 172.68 ¿Cómo te mira? Dime, cómo te m
OK [ 176.44] Mira, Sofía (¡eh!)                        vs ASR 176.32 Mira, Sofía
OK [ 180.24] Sin tu mirada sigo, sin tu mirada sigo    vs ASR 180.04 Sin tu mirada, sigo, sin tu mi
OK [ 184.04] Dime, Sofía, ah-ah (¡eh!)                 vs ASR 183.92 Dime, Sofía
~ [ 187.78] ¿Cómo te mira?, dime, ¿cómo te mira?, di  vs ASR 186.32 Ya dime cómo te miras
OK [ 191.54] Sé que no, sé que no, sé que solo         vs ASR 190.95 Dime, sé que no, sé que no
~ [ 196.21] Sé que ya no soy-oy-oy-oy                 vs ASR 194.15 Sé que solo, sé que ya no soy 
OK [ 198.97] Mira, Sofía (¡eh!)                        vs ASR 198.95 Mira, Sofía
OK [ 202.72] Sin tu mirada sigo, sin tu mirada, Sofía  vs ASR 202.55 Sin tu mirada, sigo sin tu mir
→ C:\Users\ericz\Doubao\chats\2026-08-26\new-chat\songlearnV2\_check_sofia.txt
