== TOCA 全曲 0-166 ==
  (无)
  (无)
  [  7.09] You said < You7.09 said7.67 >
  [  7.10] You said no, no, no, I said no, no, no < You7.10 said7.66 no,8.00 no,8.42 no,8.66 I8.98 said9.22 no,9.56 no,9.96 no10.30 >
  [  8.85] I said no, no, no, no, you say take me < I8.85 said9.21 no,9.57 no,9.95 no,10.25 no,10.51 you10.81 say11.43 take11.75 me12.09 >
  [ 10.21] No, no, no, no, no. < No,10.21 no,10.37 no,10.49 no,10.79 no.10.83 > / [ 11.21] You say take me home, I said don't worry. < You11.21 say11.45 take11.75 me12.09 home,12.37 I12.83 said13.07 don't13.41 worry.13.89 >
  [ 12.00] me home I said don't worry no you said no no no < me12.00 home12.34 I12.76 said13.06 don't13.42 worry13.88 no14.18 you14.60 said15.26 no15.62 no15.96 no16.26 >
  [ 14.02] Rino you said no no no I said no no no no < Rino14.02 you14.58 said15.26 no15.60 no15.98 no16.28 I16.54 said16.84 no17.18 no17.58 no17.88 no18.12 >
  (无)
  [ 19.45] No, no, no, no, no, no. < No,19.45 no,19.61 no,19.83 no,20.07 no,20.11 no.20.19 >
  (无)
  (无)
  [ 26.77] music < music26.77 >
  [ 26.69] la musica de toca toca toca < la26.69 musica26.69 de27.49 toca27.65 toca28.17 toca28.63 >
  (无)
  (无)
  [ 35.09] That's all, that's all, that's all. < That's35.09 all,35.45 that's35.67 all,35.97 that's36.15 all.36.41 >
  [ 34.00] Музыка, тетока, тока, тока < Музыка,34.00 тетока,35.10 тока,35.90 тока36.38 >
  [ 36.18] I don't got < I36.18 don't36.34 got36.76 >
  (无)
  (无)
  (无)
  (无)
  (无)
  (无)
  [ 52.16] So I want to see < So52.16 I52.90 want53.36 to53.72 see53.96 >
  [ 52.18] So I want to stay here and only forever < So52.18 I52.90 want53.40 to53.74 stay53.98 here54.38 and54.86 only55.12 forever55.44 >
  [ 55.71] forever rivers of champagne < forever55.71 rivers56.19 of56.95 champagne57.31 >
  [ 56.00] Revers of champagne celebrate together < Revers56.00 of57.04 champagne57.32 celebrate57.96 together59.10 >
  [ 58.11] celebrate together < celebrate58.11 together59.27 > / [ 59.93] I want to be < I59.93 want60.97 to61.35 be61.53 > / [ 62.13] re- < re62.13 -62.47 >
  [ 61.26] I wanna say rain only for ever rain < I61.26 wanna61.28 say61.50 rain62.04 only62.72 for63.10 ever63.46 rain63.76 >
  (无)
  (无)
  [ 66.00] Celebrate together < Celebrate66.00 together67.08 >
  (无)
  (无)
  [ 74.22] la musica toca toca toca toca < la74.22 musica74.30 toca75.08 toca75.80 toca76.22 toca76.28 >
  [ 74.21] Музыка < Музыка74.21 >
  (无)
  (无)
  (无)
  [ 82.00] Музыка, ты только только только < Музыка,82.00 ты82.60 только82.92 только83.30 только83.78 > / [ 84.38] Только только только только < Только84.38 только85.12 только85.52 только85.94 >
  [ 84.91] a toca, toca, toca, toca < a84.91 toca,85.05 toca,85.37 toca,85.87 toca86.59 >
  [ 86.00] I < I86.00 >
  (无)
  [ 91.90] de toca, toca, toca < de91.90 toca,92.38 toca,93.02 toca93.48 >
  [ 92.00] de toca, toca, toca, toca, < de92.00 toca,92.36 toca,93.00 toca,93.46 toca,94.18 > / [ 94.38] hasta la mina local. < hasta94.38 la94.94 mina95.24 local.95.66 >
  (无)
  (无)
  [ 99.87] Только, только, только < Только,99.87 только,100.59 только100.79 >
  (无)
  (无)
  (无)
  (无)
  (无)
  (无)
  (无)
  [116.93] I see you're a... < I116.93 see117.59 you're117.93 a...118.33 >
  [117.30] I see your eyes every day and every night < I117.30 see117.58 your117.94 eyes118.26 every118.64 day119.04 and119.42 every119.72 night120.00 >
  [118.30] every day and every night and I I want to hold you < every118.30 day119.08 and119.40 every119.72 night120.00 and120.44 I120.82 I121.02 want121.50 to121.78 hold121.98 you122.22 >
  [120.00] And I, I wanna hold you till the end of time < And120.00 I,120.78 I121.28 wanna121.48 hold121.84 you122.24 till122.46 the122.78 end123.42 of123.74 time123.86 >
  [122.00] You'll love you till the end of time, say overnight cuz- < You'll122.00 love122.54 you122.80 till122.92 the123.14 end123.48 of123.74 time,123.86 say124.70 overnight125.12 cuz125.98 -126.48 >
  [124.00] I say overnight cuz I want you in my life < I124.00 say124.26 overnight125.08 cuz125.92 I126.48 want126.78 you127.00 in127.24 my127.46 life127.72 >
  [126.00] Cuz I want you in my life and I I wanna love you < Cuz126.00 I126.48 want126.76 you127.00 in127.24 my127.48 life127.72 and128.22 I128.48 I128.70 wanna129.14 love129.44 you129.94 >
  [128.00] And I, I wanna love you, I will never make you cry < And128.00 I,128.48 I128.72 wanna129.14 love129.46 you,129.92 I130.14 will130.34 never130.58 make130.84 you131.32 cry131.48 >
  [130.00] I will never make you cry. < I130.00 will130.30 never130.54 make130.86 you131.30 cry.131.48 >
  (无)
  (无)
  [137.49] la música de toca toca toca < la137.49 música137.99 de138.57 toca139.05 toca139.55 toca140.03 >
  [139.17] Toca, toca, toca, toca, hasta la min... < Toca,139.17 toca,139.67 toca,140.19 toca,140.55 hasta140.79 la141.39 min...141.93 >
  (无)
  (无)
  [145.78] Музыка детока-тока-тока < Музыка145.78 детока146.44 -тока147.08 -тока147.62 >
  [146.14] 你肯定走开走开走开 < 你146.14 肯146.22 定146.46 走146.70 开146.94 走147.16 开147.36 走147.66 开147.90 >
  (无)
  (无)
  [154.26] Don't cut, don't cut, don't cut < Don't154.26 cut,154.74 don't154.94 cut,155.10 don't155.40 cut155.78 >
  [154.27] ¡Don't cut, don't cut, don't cut! < ¡Don't154.27 cut,154.69 don't154.95 cut,155.11 don't155.45 cut!155.77 > / [157.43] ¡Cá! < ¡Cá!157.43 >
  [157.46] Yeah. < Yeah.157.46 > / [159.08] Yeah. < Yeah.159.08 >
  [159.36] Uh < Uh159.36 >
  [161.30] Chau, toca, toca, toca < Chau,161.30 toca,161.98 toca,162.54 toca162.96 >
  [162.00] toca toca toca < toca162.00 toca162.36 toca162.88 >
  (无)
== DESPACITO 尾部 199-212 ==
  [199.00] No la escriten, no hay bendito < No199.00 la199.00 escriten,199.16 no199.76 hay199.88 bendito199.96 > / [200.64] Para que mis sellos se quede con ti < Para200.64 que201.20 mis201.42 sellos201.60 se201.96 quede202.14 con202.44 ti202.72 >
  [200.80] Para que mi sello se quede contigo < Para200.80 que201.20 mi201.42 sello201.58 se201.92 quede202.08 contigo202.44 >
  (无)
  [204.48] Pasito, apasito, suave, suavecito, não ganho pena < Pasito,204.48 apasito,205.52 suave,206.32 suavecito,206.70 não207.66 ganho207.86 pena208.12 >
  [206.20] Słabe, słabe, szybo, krokawo, pegando, hipopo, ito... < Słabe,206.20 słabe,206.66 szybo,207.08 krokawo,207.60 pegando,208.26 hipopo,208.94 ito...209.84 >
  (无)
  [210.01] Сынецами Бобка! < Сынецами210.01 Бобка!210.85 >
  (无)
== SOFIA 副歌2 104-121 ==
  [104.43] Yeah < Yeah104.43 >
  [107.82] me < me107.82 >
  [108.51] ミーダーソーツイヤー < ミ108.51 ーダ109.35 ー109.83 ソ110.05 ーツ110.23 イ110.71 ヤ110.97 ー111.21 >
  (无)
  [112.37] Sin tu beada, sigo sin tu... < Sin112.37 tu113.01 beada,113.43 sigo114.33 sin114.53 tu...114.93 >
  [113.00] Sin tu mirada, sigo, sin tu mirada, sigo < Sin113.00 tu113.20 mirada,113.42 sigo,114.02 sin114.62 tu114.92 mirada,115.32 sigo115.92 > / [116.46] Y... < Y...116.46 >
  [114.85] Sin tu mirada sigo < Sin114.85 tu115.01 mirada115.29 sigo115.89 > / [116.45] Viva Sofía < Viva116.45 Sofía117.27 >
  (无)
  (无)
  [120.38] Come on! < Come120.38 on!120.72 >
→ _small_confirm.txt
